// Jest Snapshot v1, https://goo.gl/fbAQLP

exports[`Component SelectR5Version snapshot(mount) 1`] = `
<SelectR5Version>
  <FormControl>
    <Styled(div)
      __css={
        Object {
          "position": "relative",
          "width": "100%",
        }
      }
      className="chakra-form-control"
      role="group"
    >
      <div
        className="chakra-form-control css-1kxonj9"
        role="group"
      >
        <Flex
          justify="space-between"
        >
          <Styled(div)
            __css={
              Object {
                "alignItems": undefined,
                "display": "flex",
                "flexBasis": undefined,
                "flexDirection": undefined,
                "flexGrow": undefined,
                "flexShrink": undefined,
                "flexWrap": undefined,
                "justifyContent": "space-between",
              }
            }
          >
            <div
              className="css-gg4vpm"
            >
              <FormLabel
                htmlFor="select-r5-version"
              >
                <Styled(label)
                  __css={
                    Object {
                      "_disabled": Object {
                        "opacity": 0.4,
                      },
                      "display": "block",
                      "fontSize": "md",
                      "fontWeight": "medium",
                      "marginEnd": 3,
                      "mb": 2,
                      "opacity": 1,
                      "textAlign": "start",
                      "transition": "all 0.2s",
                    }
                  }
                  className="chakra-form__label"
                  htmlFor="select-r5-version"
                  id="field-1-label"
                >
                  <label
                    className="chakra-form__label css-1qqx8g3"
                    htmlFor="select-r5-version"
                    id="field-1-label"
                  >
                    Routing engine
                  </label>
                </Styled(label)>
              </FormLabel>
              <div />
            </div>
          </Styled(div)>
        </Flex>
        <div>
          <Creatable
            formatCreateLabel={[Function]}
            inputId="select-r5-version"
            isValidNewOption={[Function]}
            name="select-r5-version"
            onChange={[Function]}
            options={
              Array [
                Object {
                  "label": "v6.0.1 (recommended)",
                  "value": "v6.0.1",
                },
                Object {
                  "label": <span
                    style={
                      Object {
                        "textDecoration": "line-through",
                      }
                    }
                  />,
                  "value": undefined,
                },
              ]
            }
            styles={
              Object {
                "control": [Function],
                "menu": [Function],
                "option": [Function],
              }
            }
            value={
              Object {
                "label": <span
                  style={
                    Object {
                      "textDecoration": "line-through",
                    }
                  }
                />,
                "value": undefined,
              }
            }
          >
            <div
              className="ReactSelect/Creatable"
            />
          </Creatable>
        </div>
        <ForwardRef
          status="warning"
        >
          <Styled(div)
            __css={
              Object {
                "alignItems": "center",
                "bg": "#FEEBC8",
                "display": "flex",
                "overflow": "hidden",
                "position": "relative",
                "px": 4,
                "py": 3,
                "width": "100%",
              }
            }
            className="chakra-alert"
            role="alert"
          >
            <div
              className="chakra-alert css-1mbyx3y"
              role="alert"
            >
              An updated version of the routing engine is available. Changing versions should improve performance but may change analysis results.
            </div>
          </Styled(div)>
        </ForwardRef>
      </div>
    </Styled(div)>
  </FormControl>
</SelectR5Version>
`;
